[
    {
        "name": "image_id",
        "value": "ami-abc123",
        "source": "variables.tfvars.json"
    },
    {
        "name": "availability_zone_names",
        "value": [
            "us-west-1a",
            "us-west-1c"
        ],
        "source": "variables.tfvars.json"
    }
]