[
    {
        "name": "source_image_region"
    },
    {
        "name": "target_image_regions"
    }
]