[
  {
    "name": "base_network_cidr",
    "default": "10.0.0.0/8"
  }
]