[
    {
        "name": "image_id",
        "value": "ami-abc123"
    },
    {
        "name": "availability_zone_names",
        "value": [
            "us-west-1a",
            "us-west-1c"
        ]
    }
]