[
    {
        "name": "image_id",
        "value": "ami-abc123"
    },
    {
        "name": "availability_zone_names",
        "value": [
            "us-east-1a",
            "us-west-1c"
        ]
    },
    {
        "name": "amis",
        "value": {
            "us-east-1": "ami-abc123",
            "us-west-2": "ami-def456"
        }
    }
]