[
    {
        "name": "image_id"
    },
    {
        "name": "availability_zone_names",
        "default": [
            "us-west-1a"
        ]
    },
    {
        "name": "image_id_2"
    },
    {
        "name": "access_key"
    },
    {
        "name": "secret_key"
    },
    {
        "name": "region",
        "default": "us-east-1"
    },
    {
        "name": "cidrs",
        "default": []
    },
    {
        "name": "cidrs_2"
    },
    {
        "name": "amis",
        "default": {
            "us-east-1": "ami-b374d5a5",
            "us-west-2": "ami-4b32be2b"
        }
    }
]